This is pdfTeX, Version 3.141592653-2.6-1.40.26 (TeX Live 2024) (preloaded format=pdflatex 2024.10.3)  29 JUL 2026 11:51
entering extended mode
 restricted \write18 enabled.
 file:line:error style messages enabled.
 %&-line parsing enabled.
**"Probability of Induction - Example Notes.tex"
(./Probability of Induction - Example Notes.tex
LaTeX2e <2023-11-01> patch level 1
L3 programming layer <2024-02-20>

./Probability of Induction - Example Notes.tex:1: LaTeX Error: Missing \begin{d
ocument}.

See the LaTeX manual or LaTeX Companion for explanation.
Type  H <return>  for immediate help.
 ...                                              
                                                  
l.1 N
     RR Comments on the Probability of induction HTML - July 28
? 
./Probability of Induction - Example Notes.tex:1: Emergency stop.
 ...                                              
                                                  
l.1 N
     RR Comments on the Probability of induction HTML - July 28
You're in trouble here.  Try typing  <return>  to proceed.
If that doesn't work, type  X <return>  to quit.

 
Here is how much of TeX's memory you used:
 17 strings out of 474116
 650 string characters out of 5743682
 1925187 words of memory out of 5000000
 22476 multiletter control sequences out of 15000+600000
 558069 words of font info for 36 fonts, out of 8000000 for 9000
 1141 hyphenation exceptions out of 8191
 15i,0n,18p,141b,14s stack positions out of 10000i,1000n,20000p,200000b,200000s
./Probability of Induction - Example Notes.tex:1:  ==> Fatal error occurred, no
 output PDF file produced!
